// Jest Snapshot v1, https://goo.gl/fbAQLP

exports[`Text should match snapshot 1`] = `
<scale-text>
  <mock:shadow-root>
    <style>
      .text-0-0-2 {
  margin: 0;
  margin-bottom: .5rem;
}
.text--variant-h1-0-0-3 {
  font-size: 2.5rem;
  font-weight: 500;
  line-height: 1.2;
  letter-spacing: -0.01562em;
}
.text--variant-h2-0-0-4 {
  font-size: 2rem;
  font-weight: 500;
  line-height: 1.2;
  letter-spacing: -0.00833em;
}
.text--variant-h3-0-0-5 {
  font-size: 1.75rem;
  font-weight: 500;
  line-height: 1.2;
  letter-spacing: 0em;
}
.text--variant-h4-0-0-6 {
  font-size: 1.5rem;
  font-weight: 500;
  line-height: 1.2;
  letter-spacing: 0.00735em;
}
.text--variant-h5-0-0-7 {
  font-size: 1.25rem;
  font-weight: 500;
  line-height: 1.2;
  letter-spacing: 0em;
}
.text--variant-h6-0-0-8 {
  font-size: 1rem;
  font-weight: 500;
  line-height: 1.2;
  letter-spacing: 0.0075em;
}
.text--variant-body-0-0-9 {
  font-size: 1rem;
  font-weight: 400;
  line-height: 1.5;
  letter-spacing: 0.00938em;
}
.text--variant-button-0-0-10 {
  font-size: 0.875rem;
  font-weight: 500;
  line-height: 1.75;
  letter-spacing: 0.02857em;
  text-transform: none;
}
.text--variant-caption-0-0-11 {
  font-size: 0.75rem;
  font-weight: 400;
  line-height: 1.66;
  letter-spacing: 0.03333em;
}
    </style>
    <p class="text--variant-body-0-0-9 text-0-0-2">
      <slot></slot>
    </p>
  </mock:shadow-root>
  Label
</scale-text>
`;
