// Jest Snapshot v1, https://goo.gl/fbAQLP

exports[`Chip should match snapshot 1`] = `
<scale-chip>
  <mock:shadow-root>
    <span aria-checked="false" class="chip chip--type-persistent chip--variant-standard" part="base type-persistent variant-standard" role="switch" tabindex="0">
      <slot name="chip-icon"></slot>
      <span class="chip-label">
        <slot></slot>
      </span>
    </span>
  </mock:shadow-root>
  Label
</scale-chip>
`;
