// Jest Snapshot v1, https://goo.gl/fbAQLP

exports[`InteractiveIcon should handle click 1`] = `
<scale-interactive-icon>
  <mock:shadow-root>
    <button part="base size-medium">
      <slot></slot>
    </button>
  </mock:shadow-root>
  <scale-icon-action-search></scale-icon-action-search>
</scale-interactive-icon>
`;

exports[`InteractiveIcon should handle click 2`] = `
<scale-interactive-icon>
  <mock:shadow-root>
    <button part="base size-medium">
      <slot></slot>
    </button>
  </mock:shadow-root>
  <scale-icon-action-search></scale-icon-action-search>
</scale-interactive-icon>
`;

exports[`InteractiveIcon should match snapshot 1`] = `
<scale-interactive-icon>
  <mock:shadow-root>
    <button part="base size-medium">
      <slot></slot>
    </button>
  </mock:shadow-root>
  <scale-icon-action-search></scale-icon-action-search>
</scale-interactive-icon>
`;
