// Jest Snapshot v1, https://goo.gl/fbAQLP

exports[`List should match snapshot 1`] = `
<scale-loader>
  <mock:shadow-root>
    <div class="spinner spinner--alignment-horizontal spinner--size-small spinner--variant-magenta" part="spinner alignment-horizontal variant-magenta size-small">
      <div class="spinner__container" part="container">
        <div class="spinner__circle-background"></div>
        <div class="spinner__circle" part="circle">
          <div></div>
          <div></div>
          <div></div>
          <div></div>
        </div>
      </div>
      <div aria-busy="true" aria-live="polite" class="spinner__text" part="text"></div>
    </div>
  </mock:shadow-root>
</scale-loader>
`;
