// Jest Snapshot v1, https://goo.gl/fbAQLP

exports[`TextField should match snapshot 1`] = `
<scale-collapsible>
  <mock:shadow-root>
    <div class="collapsible" part="base">
      <h2 aria-level="2" class="collapsible__heading" part="heading">
        <button aria-controls="collapsable-panel-0" aria-expanded="false" class="collapsible__button" id="collapsable-heading-0" part="button">
          <scale-icon-navigation-collapse-down class="collapsible__icon" decorative="" part="icon" size="16"></scale-icon-navigation-collapse-down>
          <span part="button-text"></span>
        </button>
      </h2>
      <div aria-labelledby="collapsable-heading-0" class="collapsible__content" hidden="" id="collapsable-panel-0" part="content" role="region">
        <slot></slot>
      </div>
    </div>
  </mock:shadow-root>
</scale-collapsible>
`;
