// Jest Snapshot v1, https://goo.gl/fbAQLP

exports[`Input should match snapshot 1`] = `
<scale-input>
  <mock:shadow-root>
    <style>
      .input-0-0-7 {
  position: relative;
}
.input-0-0-7 .input__input {
  width: 100%;
  border: 1px solid #cecece;
  height: 48px;
  display: flex;
  padding: 12px 12px;
  z-index: 1;
  font-size: 16px;
  box-sizing: border-box;
  transition: all 0.2s ease-in-out;
  font-family: inherit;
  border-radius: 4px;
}
.input-0-0-7 .input__counter {
  color: #333;
  display: flex;
  font-size: 12px;
  transition: all 0.2s ease-in-out;
  margin-left: auto;
  justify-content: flex-end;
}
.input-0-0-7 .input__helper-text {
  font-size: 12px;
  transition: all 0.2s ease-in-out;
}
.input-0-0-7 .input__meta {
  display: flex;
  margin-top: 6px;
  justify-content: space-between;
}
.input-0-0-7:not(.input--disabled-0-0-12) {}
.input-0-0-7:not(.input--disabled-0-0-12) .input__input {}
.input-0-0-7:not(.input--disabled-0-0-12) .input__input:hover, .input-0-0-7:not(.input--disabled-0-0-12) .input__input:focus {
  border-color: #2962ff;
}
.input--variant-static-0-0-8 {}
.input--variant-static-0-0-8 .input__label {
  display: flex;
  margin-bottom: 12px;
}
.input--variant-animated-0-0-9 {}
.input--variant-animated-0-0-9 .input__input.has-label {
  padding: 12px 12px 0 11px;
}
.input--variant-animated-0-0-9 .input__label {
  top: 0;
  left: 0;
  color: #dfdfdf;
  display: flex;
  z-index: 10;
  position: absolute;
  font-size: 16px;
  transform: translate(13px, 16px);
  transition: all 0.2s ease-in-out;
  font-weight: 400;
  pointer-events: none;
}
.input--variant-animated-0-0-9 .input__input:focus + .input__label, .input--variant-animated-0-0-9.animated .input__label {
  font-size: 10px;
  transform: translate(12px, 8px);
  transition: all 0.2s ease-in-out;
  font-weight: 700;
  color: #2962ff;
}
.input--status-error-0-0-10 {}
.input--status-error-0-0-10.animated .input__label {
  color: #f50057 !important;
}
.input--status-error-0-0-10 .input__input:focus + .input__label {
  color: #f50057 !important;
}
.input--status-error-0-0-10 .input__input {
  border: 1px solid #f50057;
}
.input--status-error-0-0-10 .input__helper-text {
  color: #f50057;
}
.input--status-error-0-0-10 .input__counter {
  color: #f50057;
}
.input--size-small-0-0-11 {}
.input--size-small-0-0-11 .input__input {
  height: 40px;
}
.input--size-small-0-0-11 .input__label {
  top: 0;
  left: 0;
  color: #dfdfdf;
  display: flex;
  z-index: 10;
  position: absolute;
  font-size: 16px;
  transform: translate(13px, 12px);
  transition: all 0.2s ease-in-out;
  font-weight: 400;
  pointer-events: none;
}
.input--size-small-0-0-11 .input__input:focus + .input__label, .input--size-small-0-0-11.animated .input__label {
  font-size: 10px;
  transform: translate(12px, 4px);
  transition: all 0.2s ease-in-out;
  font-weight: 700;
  color: #2962ff;
}
.input--disabled-0-0-12 {}
.input--disabled-0-0-12 .input__label, .input--disabled-0-0-12 .input__input {
  cursor: not-allowed;
  opacity: 0.5;
}
    </style>
    <div class="input--variant-animated-0-0-9 input-0-0-7">
      <input class="input__input" placeholder="" type="text">
    </div>
  </mock:shadow-root>
</scale-input>
`;
