// Jest Snapshot v1, https://goo.gl/fbAQLP

exports[`NavMain should handle is active props 1`] = `
<scale-nav-main is-active="true" is-mega-menu-visible="true" name="nameDummy">
  <!---->
  <li class="main-navigation__item mega-menu--visible selected">
    <a aria-current="true" aria-haspopup="false" class="main-navigation__item-link" href="javascript:void(0);">
      <span class="main-navigation__item-link-text">
        nameDummy
      </span>
      <span class="sr-only">
        active
      </span>
    </a>
  </li>
</scale-nav-main>
`;

exports[`NavMain should match snapshot 1`] = `
<scale-nav-main>
  <!---->
  <li class="main-navigation__item">
    <a aria-current="false" aria-haspopup="false" class="main-navigation__item-link" href="javascript:void(0);">
      <span class="main-navigation__item-link-text"></span>
    </a>
  </li>
</scale-nav-main>
`;
