// Jest Snapshot v1, https://goo.gl/fbAQLP

exports[`TabNav should match snapshot 1`] = `
<scale-tab-nav class="scale-tab-nav" role="tablist">
  <template shadowrootmode="open">
    <div class="tab-nav tab-nav--" part="tab-nav">
      <slot name="tab"></slot>
      <slot name="panel"></slot>
    </div>
  </template>
</scale-tab-nav>
`;
