// Jest Snapshot v1, https://goo.gl/fbAQLP

exports[`Table should match snapshot 1`] = `
<scale-table class="table-0-0-4">
  <!---->
  <h5 hidden="" slot="header">
    Table Header
  </h5>
  <style>
    .table-0-0-4 {}
.table-0-0-4 [slot="table"] {
  overflow: auto;
  border-radius: 4px 4px 0 0;
  background: #F5F5F5;
}
.table-0-0-4 table {
  width: 100%;
  white-space: nowrap;
  border-spacing: 0;
  border-collapse: collapse;
  font-family: 'Roboto', 'Helvetica', 'Arial', sans-serif;
}
.table-0-0-4 th {
  font-size: 12px;
  text-align: left;
  line-height: 32px;
  user-select: none;
  color: #757575;
}
.table-0-0-4 th, .table-0-0-4 td {
  padding: 0 8px;
}
.table-0-0-4 tfoot, .table-0-0-4 tbody {
  background: #FFFFFF;
}
.table-0-0-4 tfoot tr td {
  padding: 8px;
  font-weight: 600;
  border-bottom: 1px solid #000000;
}
.table--variant-compressed-0-0-5 {}
.table--variant-compressed-0-0-5 td {
  padding: 8px;
}
.table--sortable-0-0-6 {}
.table--sortable-0-0-6 th {
  cursor: pointer;
}
.table--sortable-0-0-6 th[aria-disabled="true"] {
  pointer-events: none;
}
.table--sortable-0-0-6 th[aria-sort="descending"] .scale-sort-indicator polygon:first-of-type {
  fill: #000000;
}
.table--sortable-0-0-6 th[aria-sort="descending"] .scale-sort-indicator polygon {
  fill: #DCDCDC;
}
.table--sortable-0-0-6 th[aria-sort="ascending"] .scale-sort-indicator polygon:first-of-type {
  fill: #DCDCDC;
}
.table--sortable-0-0-6 th[aria-sort="ascending"] .scale-sort-indicator polygon {
  fill: #000000;
}
.table--sortable-0-0-6 th .scale-sort-indicator {
  left: -8px;
  width: 12px;
  height: 20px;
  display: inline-block;
  position: relative;
}
.table--sortable-0-0-6 th .scale-sort-indicator > svg {
  top: 4px;
  left: 0;
  width: 24px;
  height: 24px;
  position: absolute;
}
.table--sortable-0-0-6 th .scale-sort-indicator polygon {
  fill: #DCDCDC;
}
  </style>
  <table slot="table">
    <thead>
      <tr>
        <th aria-sort="descending">
          Title
        </th>
        <th>
          Time
        </th>
        <th>
          Euros
        </th>
      </tr>
    </thead>
    <tbody>
      <tr>
        <td>
          University of Plymouth
        </td>
        <td>
          00:00:20
        </td>
        <td>
          100.245,10
        </td>
      </tr>
      <tr>
        <td>
          University of Plymouth
        </td>
        <td>
          00:00:20
        </td>
        <td>
          100.245,10
        </td>
      </tr>
      <tr>
        <td>
          University of Plymouth
        </td>
        <td>
          00:00:20
        </td>
        <td>
          100.245,10
        </td>
      </tr>
    </tbody>
    <tfoot>
      <tr>
        <td>
          Total
        </td>
        <td></td>
        <td></td>
        <td>
          00:00:20
        </td>
        <td>
          100.245,10
        </td>
      </tr>
    </tfoot>
  </table>
</scale-table>
`;
