// Jest Snapshot v1, https://goo.gl/fbAQLP

exports[`Carousel should match snapshot 1`] = `
<scale-carousel>
  <mock:shadow-root>
    <style>
      .carousel-0-0-11 {
  width: 400px;
  height: 300px;
  position: relative;
}
.carousel__container-0-0-12 {
  width: 100%;
  height: 100%;
  margin: 0;
  display: flex;
  padding: 0;
  overflow: hidden;
  position: relative;
  box-sizing: border-box;
  align-items: center;
}
.carousel__slide-0-0-13 {
  height: 100%;
  position: relative;
  min-width: 100%;
  transition: all 0.3s ease-in-out;
}
.carousel__arrow-0-0-14 {
  top: 50%;
  color: #fff;
  width: 24px;
  border: none;
  cursor: pointer;
  height: 24px;
  display: flex;
  outline: none;
  z-index: 99;
  position: absolute;
  transform: translateY(-50%);
  background: rgba(31, 45, 61, 0.11);
  align-items: center;
  border-radius: 50%;
  justify-content: center;
}
.carousel__arrow--left-0-0-15 {
  left: 12px;
}
.carousel__arrow--right-0-0-16 {
  right: 12px;
}
.carousel__indicators-0-0-17 {
  left: 50%;
  bottom: 12px;
  margin: 0;
  display: inline-flex;
  padding: 0;
  z-index: 2;
  position: absolute;
  transform: translateX(-50%);
  list-style: none;
}
.carousel__indicator-0-0-18 {
  width: 30px;
  border: none;
  cursor: pointer;
  height: 4px;
  margin: 0 6px;
  display: block;
  opacity: 0.5;
  outline: none;
  padding: 0;
  background: #fff;
  transition: 0.3s;
}
.carousel__indicator--active-0-0-19 {
  opacity: 1;
}
.carousel--vertical-0-0-20 {}
.carousel--vertical-0-0-20 .carousel__container-0-0-12 {
  flex-direction: column;
}
.carousel--vertical-0-0-20 .carousel__arrow-0-0-14 {
  display: none;
}
.carousel--vertical-0-0-20 .carousel__indicators-0-0-17 {
  top: 50%;
  left: unset;
  right: 12px;
  bottom: 0;
  display: flex;
  transform: translateY(-50%);
  flex-direction: column;
}
.carousel--vertical-0-0-20 .carousel__indicator-0-0-18 {
  width: 4px;
  height: 30px;
  margin: 6px 0;
}
    </style>
    <div class="carousel-0-0-11">
      <div class="carousel__container-0-0-12">
        <div class="carousel__arrow--left-0-0-15 carousel__arrow-0-0-14">
          <slot name="arrow-left"></slot>
        </div>
        <div class="carousel__arrow--right-0-0-16 carousel__arrow-0-0-14">
          <slot name="arrow-right"></slot>
        </div>
      </div>
      <ul class="carousel__indicators-0-0-17"></ul>
    </div>
  </mock:shadow-root>
  Label
</scale-carousel>
`;
