// Jest Snapshot v1, https://goo.gl/fbAQLP

exports[`Alert should match snapshot 1`] = `
<t-alert>
  <mock:shadow-root></mock:shadow-root>
  Notifications
</t-alert>
`;

exports[`Alert should match snapshot when opened 1`] = `
<t-alert opened="">
  <mock:shadow-root>
    <div class="alert">
      <div class="alert__body">
        <div class="alert__icon"></div>
        <div class="alert__content">
          <div class="alert__headline"></div>
          <slot></slot>
        </div>
      </div>
      <a class="alert__close">
        x
      </a>
    </div>
  </mock:shadow-root>
  Notifications
</t-alert>
`;
