// Jest Snapshot v1, https://goo.gl/fbAQLP

exports[`Search should match snapshot 1`] = `
<scale-search-input>
  <mock:shadow-root>
    <div part="base">
      <slot name="prefix-icon"></slot>
      <input id="input-search-0" inputmode="search" name="Search" part="input" placeholder="Search" type="search" value="">
      <div part="interactive-icon">
        <slot name="suffix-icon"></slot>
      </div>
    </div>
  </mock:shadow-root>
  <scale-icon-action-search slot="prefix-icon"></scale-icon-action-search>
  <scale-icon-button size="medium" slot="suffix-icon">
    <scale-icon-action-microphone accessibility-title="microphone" size="24"></scale-icon-action-microphone>
  </scale-icon-button>
</scale-search-input>
`;
