// Jest Snapshot v1, https://goo.gl/fbAQLP

exports[`Icon should match snapshot 1`] = `
<scale-icon path="m 10 10">
  <mock:shadow-root>
    <style>
      :host {
  height: auto;
  width: auto;
  display: inline-flex;
  justify-content: center;
  align-items: center;
}
path {
  transition: all .2s ease-in-out;
}
.icon-0-0-2 {}
.icon-0-0-2 path {
  fill: var(--icon-color);
  stroke: var(--icon-color);
}
    </style>
    <svg class="icon-0-0-2" height="24" viewBox="0 0 24 24" width="24">
      <path d="m 10 10" fill="transparent" stroke="transparent"></path>
    </svg>
  </mock:shadow-root>
  Label
</scale-icon>
`;
