// Jest Snapshot v1, https://goo.gl/fbAQLP

exports[`ListItem should match snapshot 1`] = `
<scale-list-item role="listitem">
  <template shadowrootmode="open">
    <div class="list-item list-item--unordered" part="base unordered">
      <slot></slot>
      <div class="list-item__nested-list" hidden="" part="nested-list">
        <slot name="nested"></slot>
      </div>
    </div>
  </template>
  default
</scale-list-item>
`;
