// Jest Snapshot v1, https://goo.gl/fbAQLP

exports[`component prop snapshots all props are not set 1`] = `
<scale-logo-svg>
  <svg aria-labelledby="logo-title-1" fill="#e20074" part="logo-svg" role="img" viewBox="0 0 32 38" xmlns="http://www.w3.org/2000/svg">
    <title id="logo-title-1">
      Telekom Logo
    </title>
    <path d="M7.6 25.1H0v-7.6h7.6v7.6ZM0 0v12.9h2.3v-.4c0-6.1 3.4-9.9 9.9-9.9h.4V30c0 3.8-1.5 5.3-5.3 5.3H6.1V38h19.8v-2.7h-1.1c-3.8 0-5.3-1.5-5.3-5.3V2.7h.4c6.5 0 9.9 3.8 9.9 9.9v.4h2.3V0H0Zm24.3 25.1h7.6v-7.6h-7.6v7.6Z"></path>
  </svg>
</scale-logo-svg>
`;

exports[`component prop snapshots all props are set 1`] = `
<scale-logo-svg>
  <svg aria-labelledby="logo-title-2" part="logo-svg" role="img" viewBox="0 0 32 38" xmlns="http://www.w3.org/2000/svg">
    <title id="logo-title-2">
      title
    </title>
    <path d="M7.6 25.1H0v-7.6h7.6v7.6ZM0 0v12.9h2.3v-.4c0-6.1 3.4-9.9 9.9-9.9h.4V30c0 3.8-1.5 5.3-5.3 5.3H6.1V38h19.8v-2.7h-1.1c-3.8 0-5.3-1.5-5.3-5.3V2.7h.4c6.5 0 9.9 3.8 9.9 9.9v.4h2.3V0H0Zm24.3 25.1h7.6v-7.6h-7.6v7.6Z"></path>
  </svg>
</scale-logo-svg>
`;

